// Jest Snapshot v1, https://goo.gl/fbAQLP

exports[`LuxBanner.vue has the expected html structure 1`] = `<!--v-if-->`;
