// Jest Snapshot v1, https://goo.gl/fbAQLP

exports[`LuxCard.vue has the expected html structure 1`] = `
<article
  class="lux-card medium"
  id="MyCard"
  style="max-width: px;"
>
  <!-- @slot The heading, media, and other contents of your card.  -->
  
  
</article>
`;
