// Jest Snapshot v1, https://goo.gl/fbAQLP

exports[`LuxHyperlink.vue has the expected html structure 1`] = `
<a
  class="lux-link link medium"
  href="https://library.princeton.edu"
>
  <!-- @slot The text of your hyperlink. -->
  
  I'll take you places
  
  <!--v-if-->
</a>
`;
