// Jest Snapshot v1, https://goo.gl/fbAQLP

exports[`LuxCard.vue has the expected html structure 1`] = `
<div
  class="lux-overlay"
>
  <div
    class="lux-loader"
    size="medium"
  />
</div>
`;
