// Jest Snapshot v1, https://goo.gl/fbAQLP

exports[`LuxTextStyle.vue has the expected html structure 1`] = `
<p
  class="lux-text-style default"
>
  <!-- @slot The text you'd like to style -->
  
  foo
  
</p>
`;
