// Jest Snapshot v1, https://goo.gl/fbAQLP

exports[`LuxWrapper.vue has the expected html structure 1`] = `
<div
  class="lux-wrapper"
  style="max-width: 123px;"
>
  
  
</div>
`;
