// Jest Snapshot v1, https://goo.gl/fbAQLP

exports[`TextStyle.vue has the expected html structure 1`] = `
<p
  class="lux-text-style default"
>
  
  foo
  
</p>
`;
